// Jest Snapshot v1, https://goo.gl/fbAQLP

exports[`Add a torrent to deluge 1`] = `"88928d3ca7f5d71e39037279c1ee787a80de6ea0"`;
